// Jest Snapshot v1, https://goo.gl/fbAQLP

exports[`SecondTestContent component renders 1`] = `
<Component
  bookInfo={
    Object {
      "type": "loaded",
      "value": "some book info",
    }
  }
  context={
    Object {
      "books": Object {
        "fetchBookInfo": [MockFunction],
      },
    }
  }
  load={[Function]}
>
  <Component>
    <div>
      {"type":"loaded","value":"some book info"}
    </div>
  </Component>
</Component>
`;
