// Jest Snapshot v1, https://goo.gl/fbAQLP

exports[`NavItem renders shallow 1`] = `
<BrowserRouter>
  <Router
    history={
      Object {
        "action": "POP",
        "block": [Function],
        "createHref": [Function],
        "go": [Function],
        "goBack": [Function],
        "goForward": [Function],
        "length": 1,
        "listen": [Function],
        "location": Object {
          "hash": "",
          "pathname": "/",
          "search": "",
          "state": undefined,
        },
        "push": [Function],
        "replace": [Function],
      }
    }
  >
    <Component>
      <nav>
        <ul>
          <Component
            to="some/location"
          >
            <li>
              <NavLink
                exact={true}
                to="some/location"
              >
                <Link
                  aria-current={null}
                  to={
                    Object {
                      "hash": "",
                      "pathname": "/some/location",
                      "search": "",
                      "state": null,
                    }
                  }
                >
                  <LinkAnchor
                    aria-current={null}
                    href="/some/location"
                    navigate={[Function]}
                  >
                    <a
                      aria-current={null}
                      href="/some/location"
                      onClick={[Function]}
                    >
                      some location
                    </a>
                  </LinkAnchor>
                </Link>
              </NavLink>
            </li>
          </Component>
          <Component
            to=""
          >
            <li>
              <NavLink
                exact={true}
                to=""
              >
                <Link
                  aria-current="page"
                  className="active"
                  style={Object {}}
                  to={
                    Object {
                      "hash": "",
                      "pathname": "/",
                      "search": "",
                      "state": null,
                    }
                  }
                >
                  <LinkAnchor
                    aria-current="page"
                    className="active"
                    href="/"
                    navigate={[Function]}
                    style={Object {}}
                  >
                    <a
                      aria-current="page"
                      className="active"
                      href="/"
                      onClick={[Function]}
                      style={Object {}}
                    >
                      currentPage
                    </a>
                  </LinkAnchor>
                </Link>
              </NavLink>
            </li>
          </Component>
        </ul>
      </nav>
    </Component>
  </Router>
</BrowserRouter>
`;
