// Jest Snapshot v1, https://goo.gl/fbAQLP

exports[`App renders shallow 1`] = `
<ContextProvider
  value={
    Object {
      "mtgCards": Object {
        "fetchMtgCards": [MockFunction],
      },
    }
  }
>
  <BrowserRouter>
    <div>
      <Component>
        <Component
          to="/"
        >
          Home
        </Component>
        <Component
          to="/test"
        >
          Pattern Library Test
        </Component>
      </Component>
      <Switch>
        <Route
          path="/test"
        >
          <TestPage />
        </Route>
        <Route
          path="/"
        >
          lorem ipsum
        </Route>
      </Switch>
    </div>
  </BrowserRouter>
</ContextProvider>
`;
