// Jest Snapshot v1, https://goo.gl/fbAQLP

exports[`App renders shallow 1`] = `
<div>
  <Title>
    <Heading>
      Otto Flow Test Page
    </Heading>
  </Title>
  <Content>
    <Button
      type="primary"
    >
      Some trashy Button 
      <Component
        type="trash"
      />
    </Button>
    <Component />
    Some text
  </Content>
  <Content>
    More Content
  </Content>
</div>
`;
